// Jest Snapshot v1, https://goo.gl/fbAQLP

exports[`Render StyledCollapse component 1`] = `
<div
  className="ant-collapse ant-collapse-icon-position-left sc-bdVaJa bWyEBD"
  role={null}
/>
`;
